// Jest Snapshot v1, https://goo.gl/fbAQLP

exports[`should render ExpenseListItem correctly 1`] = `
<div>
  <Link
    to="/edit/1"
  >
    rent bill
  </Link>
  <p>
    100
     - 
    0
  </p>
</div>
`;
