// Jest Snapshot v1, https://goo.gl/fbAQLP

exports[`should render NotFoundPage correctly 1`] = `
<div>
  <p>
    404 Not Found 
    <Link
      to="/"
    >
      Go Home
    </Link>
  </p>
</div>
`;
